Processor's clock cycles: 15
>>>>>>>>[REGISTER DUMP]<<<<<<<
PC: = 60
x00 = 0
x01 = 1118
x02 = -436
x03 = 2880
x04 = 11
x05 = 614
x06 = 273
x07 = 887
x08 = 0
x09 = 0
x10 = 0
x11 = 0
x12 = 0
x13 = 0
x14 = 0
x15 = 0
x16 = 0
x17 = 0
x18 = 0
x19 = 0
x20 = 819
x21 = 341
x22 = -42
x23 = 45
x24 = 2
x25 = 6
x26 = 0
x27 = 0
x28 = 0
x29 = 0
x30 = 0
x31 = 0
>>>>>>>>>>>>>>>>>>>>>>>>>>>>>>
>>>>>>>>[MEMORY DUMP]<<<<<<<<<
>>>>>>>>>>>>>>>>>>>>>>>>>>>>>>
