Processor's clock cycles: 57
>>>>>>>>[REGISTER DUMP]<<<<<<<
PC: = 140
x00 = 0
x01 = 0
x02 = 0
x03 = 0
x04 = 0
x05 = 0
x06 = 0
x07 = 0
x08 = 0
x09 = 0
x10 = 0
x11 = 1
x12 = 1
x13 = 1
x14 = 1
x15 = 1
x16 = 1
x17 = 0
x18 = 0
x19 = 0
x20 = 55
x21 = -1
x22 = 0
x23 = 0
x24 = 0
x25 = 1
x26 = 42
x27 = -42
x28 = 0
x29 = 0
x30 = 0
x31 = 0
>>>>>>>>>>>>>>>>>>>>>>>>>>>>>>
>>>>>>>>[MEMORY DUMP]<<<<<<<<<
>>>>>>>>>>>>>>>>>>>>>>>>>>>>>>
