Processor's clock cycles: 16
>>>>>>>>[REGISTER DUMP]<<<<<<<
PC: = 64
x00 = 0
x01 = 8
x02 = 48
x03 = 52
x04 = 56
x05 = 0
x06 = 0
x07 = 0
x08 = 0
x09 = 12
x10 = 20
x11 = 1
x12 = 1
x13 = 1
x14 = 1
x15 = 0
x16 = 0
x17 = 0
x18 = 0
x19 = 0
x20 = 0
x21 = 0
x22 = 0
x23 = 0
x24 = 0
x25 = 0
x26 = 0
x27 = 0
x28 = 0
x29 = 0
x30 = 0
x31 = -559038737
>>>>>>>>>>>>>>>>>>>>>>>>>>>>>>
>>>>>>>>[MEMORY DUMP]<<<<<<<<<
>>>>>>>>>>>>>>>>>>>>>>>>>>>>>>
