Processor's clock cycles: 16
>>>>>>>>[REGISTER DUMP]<<<<<<<
PC: = 64
x00 = 0
x01 = 23
x02 = 52
x03 = 162763
x04 = -150
x05 = 11
x06 = -25493
x07 = 2
x08 = -1
x09 = 351
x10 = 0
x11 = -13
x12 = -1079
x13 = 0
x14 = 0
x15 = 0
x16 = 0
x17 = 0
x18 = 0
x19 = 0
x20 = 1961
x21 = 83
x22 = -13
x23 = -27
x24 = 0
x25 = 0
x26 = 0
x27 = 0
x28 = 0
x29 = 0
x30 = 0
x31 = 0
>>>>>>>>>>>>>>>>>>>>>>>>>>>>>>
>>>>>>>>[MEMORY DUMP]<<<<<<<<<
>>>>>>>>>>>>>>>>>>>>>>>>>>>>>>
