Processor's clock cycles: 16
>>>>>>>>[REGISTER DUMP]<<<<<<<
PC: = 64
x00 = 0
x01 = -2030771968
x02 = -758858191
x03 = -2147483648
x04 = -1711276032
x05 = 0
x06 = 0
x07 = 0
x08 = 0
x09 = 0
x10 = 0
x11 = 0
x12 = 0
x13 = 0
x14 = 0
x15 = 0
x16 = 0
x17 = 0
x18 = 0
x19 = 0
x20 = 97411312
x21 = 1699649273
x22 = 2147483647
x23 = 0
x24 = 0
x25 = 0
x26 = 0
x27 = 0
x28 = 0
x29 = 0
x30 = 0
x31 = -559038737
>>>>>>>>>>>>>>>>>>>>>>>>>>>>>>
>>>>>>>>[MEMORY DUMP]<<<<<<<<<
>>>>>>>>>>>>>>>>>>>>>>>>>>>>>>
